#
# There is insufficient memory for the Java Runtime Environment to continue.
# Native memory allocation (mmap) failed to map 7340032 bytes. Error detail: G1 virtual space
# Possible reasons:
#   The system is out of physical RAM or swap space
#   This process is running with CompressedOops enabled, and the Java Heap may be blocking the growth of the native heap
# Possible solutions:
#   Reduce memory load on the system
#   Increase physical memory or swap space
#   Check if swap backing store is full
#   Decrease Java heap size (-Xmx/-Xms)
#   Decrease number of Java threads
#   Decrease Java thread stack sizes (-Xss)
#   Set larger code cache with -XX:ReservedCodeCacheSize=
#   JVM is running with Unscaled Compressed Oops mode in which the Java heap is
#     placed in the first 4GB address space. The Java Heap base address is the
#     maximum limit for the native heap growth. Please use -XX:HeapBaseMinAddress
#     to set the Java Heap base and to place the Java Heap above 4GB virtual address.
# This output file may be truncated or incomplete.
#
#  Out of Memory Error (os_windows.cpp:3616), pid=7596, tid=3232
#
# JRE version: OpenJDK Runtime Environment Temurin-21.0.4+7 (21.0.4+7) (build 21.0.4+7-LTS)
# Java VM: OpenJDK 64-Bit Server VM Temurin-21.0.4+7 (21.0.4+7-LTS, mixed mode, emulated-client, tiered, compressed oops, compressed class ptrs, g1 gc, windows-amd64)
# No core dump will be written. Minidumps are not enabled by default on client versions of Windows
#

---------------  S U M M A R Y ------------

Command Line: -Dcom.sun.management.jmxremote -Dcom.sun.management.jmxremote.port=61686 -Dcom.sun.management.jmxremote.authenticate=false -Dcom.sun.management.jmxremote.ssl=false -Djava.rmi.server.hostname=localhost -Dspring.jmx.enabled=true -Dmanagement.endpoints.jmx.exposure.include=* -Dspring.application.admin.enabled=true -XX:TieredStopAtLevel=1 -Dspring.boot.project.name=SpringBootWithMVC -Dfile.encoding=UTF-8 -Dstdout.encoding=UTF-8 -Dstderr.encoding=UTF-8 -XX:+ShowCodeDetailsInExceptionMessages com.example.controller.SpringBootWithMvcApplication --spring.output.ansi.enabled=always

Host: Intel(R) Core(TM) i3-1005G1 CPU @ 1.20GHz, 4 cores, 3G,  Windows 10 , 64 bit Build 19041 (10.0.19041.5915)
Time: Sat Sep 20 16:24:16 2025 India Standard Time elapsed time: 6.878068 seconds (0d 0h 0m 6s)

---------------  T H R E A D  ---------------

Current thread (0x000001b087d1f6d0):  VMThread "VM Thread"          [id=3232, stack(0x0000002293100000,0x0000002293200000) (1024K)]

Stack: [0x0000002293100000,0x0000002293200000]
Native frames: (J=compiled Java code, j=interpreted, Vv=VM code, C=native code)
V  [jvm.dll+0x6cbcf9]
V  [jvm.dll+0x8a5551]
V  [jvm.dll+0x8a7a7e]
V  [jvm.dll+0x8a8153]
V  [jvm.dll+0x27eca6]
V  [jvm.dll+0x6c8445]
V  [jvm.dll+0x6bd13a]
V  [jvm.dll+0x354a0a]
V  [jvm.dll+0x35c5b6]
V  [jvm.dll+0x3adf3e]
V  [jvm.dll+0x3ae1e8]
V  [jvm.dll+0x328bcc]
V  [jvm.dll+0x328c57]
V  [jvm.dll+0x36c9cc]
V  [jvm.dll+0x36b218]
V  [jvm.dll+0x328391]
V  [jvm.dll+0x36a88a]
V  [jvm.dll+0x8ade6f]
V  [jvm.dll+0x8af1f4]
V  [jvm.dll+0x8af730]
V  [jvm.dll+0x8af9d3]
V  [jvm.dll+0x84f17b]
V  [jvm.dll+0x6ca3fd]
C  [ucrtbase.dll+0x21bb2]
C  [KERNEL32.DLL+0x17374]
C  [ntdll.dll+0x4cc91]

VM_Operation (0x0000002292afa9a0): G1CollectForAllocation, mode: safepoint, requested by thread 0x000001b087d4dc70


---------------  P R O C E S S  ---------------

Threads class SMR info:
_java_thread_list=0x000001b09a141710, length=21, elements={
0x000001b087d4dc70, 0x000001b094152530, 0x000001b094009280, 0x000001b09400c0e0,
0x000001b09400eb50, 0x000001b094128090, 0x000001b094128700, 0x000001b094133290,
0x000001b089f6afb0, 0x000001b094329f40, 0x000001b0948e5010, 0x000001b0948e8a70,
0x000001b094908220, 0x000001b0949e44c0, 0x000001b094ac5580, 0x000001b094b5d3a0,
0x000001b094b7c010, 0x000001b09a06bd30, 0x000001b09a068f40, 0x000001b09a0695d0,
0x000001b09a06b6a0
}

Java Threads: ( => current thread )
  0x000001b087d4dc70 JavaThread "main"                              [_thread_blocked, id=12964, stack(0x0000002292a00000,0x0000002292b00000) (1024K)]
  0x000001b094152530 JavaThread "Reference Handler"          daemon [_thread_blocked, id=15488, stack(0x0000002293200000,0x0000002293300000) (1024K)]
  0x000001b094009280 JavaThread "Finalizer"                  daemon [_thread_blocked, id=12952, stack(0x0000002293300000,0x0000002293400000) (1024K)]
  0x000001b09400c0e0 JavaThread "Signal Dispatcher"          daemon [_thread_blocked, id=10496, stack(0x0000002293400000,0x0000002293500000) (1024K)]
  0x000001b09400eb50 JavaThread "Attach Listener"            daemon [_thread_blocked, id=15984, stack(0x0000002293500000,0x0000002293600000) (1024K)]
  0x000001b094128090 JavaThread "Service Thread"             daemon [_thread_blocked, id=13656, stack(0x0000002293600000,0x0000002293700000) (1024K)]
  0x000001b094128700 JavaThread "Monitor Deflation Thread"   daemon [_thread_blocked, id=10368, stack(0x0000002293700000,0x0000002293800000) (1024K)]
  0x000001b094133290 JavaThread "C1 CompilerThread0"         daemon [_thread_blocked, id=17240, stack(0x0000002293800000,0x0000002293900000) (1024K)]
  0x000001b089f6afb0 JavaThread "Common-Cleaner"             daemon [_thread_blocked, id=12836, stack(0x0000002293900000,0x0000002293a00000) (1024K)]
  0x000001b094329f40 JavaThread "Notification Thread"        daemon [_thread_blocked, id=11744, stack(0x0000002293a00000,0x0000002293b00000) (1024K)]
  0x000001b0948e5010 JavaThread "RMI TCP Accept-0"           daemon [_thread_in_native, id=10656, stack(0x0000002293b00000,0x0000002293c00000) (1024K)]
  0x000001b0948e8a70 JavaThread "RMI TCP Accept-61686"       daemon [_thread_in_native, id=5968, stack(0x0000002293c00000,0x0000002293d00000) (1024K)]
  0x000001b094908220 JavaThread "RMI TCP Accept-0"           daemon [_thread_in_native, id=1992, stack(0x0000002294000000,0x0000002294100000) (1024K)]
  0x000001b0949e44c0 JavaThread "RMI TCP Connection(1)-127.0.0.1" daemon [_thread_in_native, id=3520, stack(0x0000002294100000,0x0000002294200000) (1024K)]
  0x000001b094ac5580 JavaThread "RMI Scheduler(0)"           daemon [_thread_blocked, id=19040, stack(0x0000002294200000,0x0000002294300000) (1024K)]
  0x000001b094b5d3a0 JavaThread "RMI TCP Connection(2)-127.0.0.1" daemon [_thread_in_native, id=6496, stack(0x0000002294300000,0x0000002294400000) (1024K)]
  0x000001b094b7c010 JavaThread "JMX server connection timeout 30" daemon [_thread_blocked, id=11652, stack(0x0000002294400000,0x0000002294500000) (1024K)]
  0x000001b09a06bd30 JavaThread "Catalina-utility-1"                [_thread_blocked, id=15176, stack(0x0000002294500000,0x0000002294600000) (1024K)]
  0x000001b09a068f40 JavaThread "Catalina-utility-2"                [_thread_blocked, id=8308, stack(0x0000002294600000,0x0000002294700000) (1024K)]
  0x000001b09a0695d0 JavaThread "container-0"                       [_thread_blocked, id=14452, stack(0x0000002294700000,0x0000002294800000) (1024K)]
  0x000001b09a06b6a0 JavaThread "mysql-cj-abandoned-connection-cleanup" daemon [_thread_blocked, id=9516, stack(0x0000002294800000,0x0000002294900000) (1024K)]
Total: 21

Other Threads:
=>0x000001b087d1f6d0 VMThread "VM Thread"                           [id=3232, stack(0x0000002293100000,0x0000002293200000) (1024K)]
  0x000001b093f3c610 WatcherThread "VM Periodic Task Thread"        [id=10644, stack(0x0000002293000000,0x0000002293100000) (1024K)]
  0x000001b087d1ef90 WorkerThread "GC Thread#0"                     [id=13956, stack(0x0000002292b00000,0x0000002292c00000) (1024K)]
  0x000001b087d1fa70 WorkerThread "GC Thread#1"                     [id=7640, stack(0x0000002293d00000,0x0000002293e00000) (1024K)]
  0x000001b087d1fe10 WorkerThread "GC Thread#2"                     [id=18684, stack(0x0000002293e00000,0x0000002293f00000) (1024K)]
  0x000001b094918370 WorkerThread "GC Thread#3"                     [id=15780, stack(0x0000002293f00000,0x0000002294000000) (1024K)]
  0x000001b089efc770 ConcurrentGCThread "G1 Main Marker"            [id=10584, stack(0x0000002292c00000,0x0000002292d00000) (1024K)]
  0x000001b087d1f330 WorkerThread "G1 Conc#0"                       [id=10204, stack(0x0000002292d00000,0x0000002292e00000) (1024K)]
  0x000001b089f592d0 ConcurrentGCThread "G1 Refine#0"               [id=19348, stack(0x0000002292e00000,0x0000002292f00000) (1024K)]
  0x000001b089f59d50 ConcurrentGCThread "G1 Service"                [id=15972, stack(0x0000002292f00000,0x0000002293000000) (1024K)]
Total: 10

Threads with active compile tasks:
C1 CompilerThread0     6939 3946       1       org.springframework.boot.context.properties.bind.Binder::findProperty (75 bytes)
Total: 1

VM state: at safepoint (normal execution)

VM Mutex/Monitor currently owned by a thread:  ([mutex/lock_event])
[0x00007ffc66787308] Threads_lock - owner thread: 0x000001b087d1f6d0
[0x00007ffc66787408] Heap_lock - owner thread: 0x000001b087d4dc70

Heap address: 0x00000000c3a00000, size: 966 MB, Compressed Oops mode: 32-bit

CDS archive(s) not mapped
Compressed class space mapped at: 0x0000000100000000-0x0000000140000000, reserved size: 1073741824
Narrow klass base: 0x0000000000000000, Narrow klass shift: 3, Narrow klass range: 0x140000000

GC Precious Log:
 CardTable entry size: 512
 Card Set container configuration: InlinePtr #cards 5 size 8 Array Of Cards #cards 12 size 40 Howl #buckets 4 coarsen threshold 1843 Howl Bitmap #cards 512 size 80 coarsen threshold 460 Card regions per heap region 1 cards per card region 2048
 CPUs: 4 total, 4 available
 Memory: 3863M
 Large Page Support: Disabled
 NUMA Support: Disabled
 Compressed Oops: Enabled (32-bit)
 Heap Region Size: 1M
 Heap Min Capacity: 8M
 Heap Initial Capacity: 62M
 Heap Max Capacity: 966M
 Pre-touch: Disabled
 Parallel Workers: 4
 Concurrent Workers: 1
 Concurrent Refinement Workers: 4
 Periodic GC: Disabled

Heap:
 garbage-first heap   total 33792K, used 17161K [0x00000000c3a00000, 0x0000000100000000)
  region size 1024K, 2 young (2048K), 2 survivors (2048K)
 Metaspace       used 40809K, committed 41408K, reserved 1114112K
  class space    used 4985K, committed 5248K, reserved 1048576K

Heap Regions: E=young(eden), S=young(survivor), O=old, HS=humongous(starts), HC=humongous(continues), CS=collection set, F=free, TAMS=top-at-mark-start, PB=parsable bottom
|   0|0x00000000c3a00000, 0x00000000c3b00000, 0x00000000c3b00000|100%| O|  |TAMS 0x00000000c3a00000| PB 0x00000000c3a00000| Untracked 
|   1|0x00000000c3b00000, 0x00000000c3c00000, 0x00000000c3c00000|100%| O|  |TAMS 0x00000000c3b00000| PB 0x00000000c3b00000| Untracked 
|   2|0x00000000c3c00000, 0x00000000c3d00000, 0x00000000c3d00000|100%| O|  |TAMS 0x00000000c3c00000| PB 0x00000000c3c00000| Untracked 
|   3|0x00000000c3d00000, 0x00000000c3e00000, 0x00000000c3e00000|100%| O|  |TAMS 0x00000000c3d00000| PB 0x00000000c3d00000| Untracked 
|   4|0x00000000c3e00000, 0x00000000c3f00000, 0x00000000c3f00000|100%| O|  |TAMS 0x00000000c3e00000| PB 0x00000000c3e00000| Untracked 
|   5|0x00000000c3f00000, 0x00000000c4000000, 0x00000000c4000000|100%| O|  |TAMS 0x00000000c3f00000| PB 0x00000000c3f00000| Untracked 
|   6|0x00000000c4000000, 0x00000000c4100000, 0x00000000c4100000|100%| O|  |TAMS 0x00000000c4000000| PB 0x00000000c4000000| Untracked 
|   7|0x00000000c4100000, 0x00000000c4200000, 0x00000000c4200000|100%| O|  |TAMS 0x00000000c4100000| PB 0x00000000c4100000| Untracked 
|   8|0x00000000c4200000, 0x00000000c4300000, 0x00000000c4300000|100%| O|  |TAMS 0x00000000c4200000| PB 0x00000000c4200000| Untracked 
|   9|0x00000000c4300000, 0x00000000c4300000, 0x00000000c4400000|  0%| F|  |TAMS 0x00000000c4300000| PB 0x00000000c4300000| Untracked 
|  10|0x00000000c4400000, 0x00000000c4500000, 0x00000000c4500000|100%| O|  |TAMS 0x00000000c4400000| PB 0x00000000c4400000| Untracked 
|  11|0x00000000c4500000, 0x00000000c4600000, 0x00000000c4600000|100%| O|  |TAMS 0x00000000c4500000| PB 0x00000000c4500000| Untracked 
|  12|0x00000000c4600000, 0x00000000c4700000, 0x00000000c4700000|100%| O|  |TAMS 0x00000000c4600000| PB 0x00000000c4600000| Untracked 
|  13|0x00000000c4700000, 0x00000000c4800000, 0x00000000c4800000|100%| O|  |TAMS 0x00000000c4700000| PB 0x00000000c4700000| Untracked 
|  14|0x00000000c4800000, 0x00000000c4900000, 0x00000000c4900000|100%| O|  |TAMS 0x00000000c4800000| PB 0x00000000c4800000| Untracked 
|  15|0x00000000c4900000, 0x00000000c4a00000, 0x00000000c4a00000|100%| O|  |TAMS 0x00000000c4900000| PB 0x00000000c4900000| Untracked 
|  16|0x00000000c4a00000, 0x00000000c4a00000, 0x00000000c4b00000|  0%| F|  |TAMS 0x00000000c4a00000| PB 0x00000000c4a00000| Untracked 
|  17|0x00000000c4b00000, 0x00000000c4b00000, 0x00000000c4c00000|  0%| F|  |TAMS 0x00000000c4b00000| PB 0x00000000c4b00000| Untracked 
|  18|0x00000000c4c00000, 0x00000000c4caa300, 0x00000000c4d00000| 66%| O|  |TAMS 0x00000000c4c00000| PB 0x00000000c4c00000| Untracked 
|  19|0x00000000c4d00000, 0x00000000c4d18378, 0x00000000c4e00000|  9%| S|CS|TAMS 0x00000000c4d00000| PB 0x00000000c4d00000| Complete 
|  20|0x00000000c4e00000, 0x00000000c4f00000, 0x00000000c4f00000|100%| S|CS|TAMS 0x00000000c4e00000| PB 0x00000000c4e00000| Complete 
|  21|0x00000000c4f00000, 0x00000000c4f00000, 0x00000000c5000000|  0%| F|  |TAMS 0x00000000c4f00000| PB 0x00000000c4f00000| Untracked 
|  22|0x00000000c5000000, 0x00000000c5000000, 0x00000000c5100000|  0%| F|  |TAMS 0x00000000c5000000| PB 0x00000000c5000000| Untracked 
|  23|0x00000000c5100000, 0x00000000c5100000, 0x00000000c5200000|  0%| F|  |TAMS 0x00000000c5100000| PB 0x00000000c5100000| Untracked 
|  24|0x00000000c5200000, 0x00000000c5200000, 0x00000000c5300000|  0%| F|  |TAMS 0x00000000c5200000| PB 0x00000000c5200000| Untracked 
|  25|0x00000000c5300000, 0x00000000c5300000, 0x00000000c5400000|  0%| F|  |TAMS 0x00000000c5300000| PB 0x00000000c5300000| Untracked 
|  26|0x00000000c5400000, 0x00000000c5400000, 0x00000000c5500000|  0%| F|  |TAMS 0x00000000c5400000| PB 0x00000000c5400000| Untracked 
|  27|0x00000000c5500000, 0x00000000c5500000, 0x00000000c5600000|  0%| F|  |TAMS 0x00000000c5500000| PB 0x00000000c5500000| Untracked 
|  28|0x00000000c5600000, 0x00000000c5600000, 0x00000000c5700000|  0%| F|  |TAMS 0x00000000c5600000| PB 0x00000000c5600000| Untracked 
|  48|0x00000000c6a00000, 0x00000000c6a00000, 0x00000000c6b00000|  0%| F|  |TAMS 0x00000000c6a00000| PB 0x00000000c6a00000| Untracked 
|  49|0x00000000c6b00000, 0x00000000c6b00000, 0x00000000c6c00000|  0%| F|  |TAMS 0x00000000c6b00000| PB 0x00000000c6b00000| Untracked 
|  50|0x00000000c6c00000, 0x00000000c6c00000, 0x00000000c6d00000|  0%| F|  |TAMS 0x00000000c6c00000| PB 0x00000000c6c00000| Untracked 
|  61|0x00000000c7700000, 0x00000000c7700000, 0x00000000c7800000|  0%| F|  |TAMS 0x00000000c7700000| PB 0x00000000c7700000| Untracked 

Card table byte_map: [0x000001b0909c0000,0x000001b090bb0000] _byte_map_base: 0x000001b0903a3000

Marking Bits: (CMBitMap*) 0x000001b089ef3c80
 Bits: [0x000001b090bb0000, 0x000001b091ac8000)

Polling page: 0x000001b087cf0000

Metaspace:

Usage:
  Non-class:     34.98 MB used.
      Class:      4.87 MB used.
       Both:     39.85 MB used.

Virtual space:
  Non-class space:       64.00 MB reserved,      35.31 MB ( 55%) committed,  1 nodes.
      Class space:        1.00 GB reserved,       5.12 MB ( <1%) committed,  1 nodes.
             Both:        1.06 GB reserved,      40.44 MB (  4%) committed. 

Chunk freelists:
   Non-Class:  11.86 MB
       Class:  10.83 MB
        Both:  22.69 MB

MaxMetaspaceSize: unlimited
CompressedClassSpaceSize: 1.00 GB
Initial GC threshold: 21.00 MB
Current GC threshold: 59.62 MB
CDS: off
 - commit_granule_bytes: 65536.
 - commit_granule_words: 8192.
 - virtual_space_node_default_size: 8388608.
 - enlarge_chunks_in_place: 1.
 - use_allocation_guard: 0.


Internal statistics:

num_allocs_failed_limit: 9.
num_arena_births: 718.
num_arena_deaths: 0.
num_vsnodes_births: 2.
num_vsnodes_deaths: 0.
num_space_committed: 647.
num_space_uncommitted: 0.
num_chunks_returned_to_freelist: 9.
num_chunks_taken_from_freelist: 1779.
num_chunk_merges: 3.
num_chunk_splits: 1181.
num_chunks_enlarged: 819.
num_inconsistent_stats: 0.

CodeCache: size=49152Kb used=7452Kb max_used=7452Kb free=41699Kb
 bounds [0x000001b08d9c0000, 0x000001b08e110000, 0x000001b0909c0000]
 total_blobs=4460 nmethods=3914 adapters=470
 compilation: enabled
              stopped_count=0, restarted_count=0
 full_count=0

Compilation events (20 events):
Event: 6.819 Thread 0x000001b094133290 nmethod 3935 0x000001b08e103e10 code [0x000001b08e103fa0, 0x000001b08e104068]
Event: 6.820 Thread 0x000001b094133290 3936       1       org.springframework.boot.context.properties.bind.Binder$Context::getConverter (8 bytes)
Event: 6.820 Thread 0x000001b094133290 nmethod 3936 0x000001b08e104110 code [0x000001b08e1042a0, 0x000001b08e104370]
Event: 6.820 Thread 0x000001b094133290 3937       1       org.springframework.boot.context.properties.bind.BindConverter::convert (14 bytes)
Event: 6.821 Thread 0x000001b094133290 nmethod 3937 0x000001b08e104410 code [0x000001b08e1045e0, 0x000001b08e104848]
Event: 6.821 Thread 0x000001b094133290 3938       1       org.springframework.boot.context.properties.bind.BindConverter::convert (25 bytes)
Event: 6.821 Thread 0x000001b094133290 nmethod 3938 0x000001b08e104a10 code [0x000001b08e104be0, 0x000001b08e104e30]
Event: 6.822 Thread 0x000001b094133290 3939       1       java.util.stream.FindOps::makeRef (14 bytes)
Event: 6.822 Thread 0x000001b094133290 nmethod 3939 0x000001b08e104f90 code [0x000001b08e105120, 0x000001b08e1051e0]
Event: 6.822 Thread 0x000001b094133290 3940       1       java.util.stream.FindOps$FindSink$OfRef::<init> (5 bytes)
Event: 6.822 Thread 0x000001b094133290 nmethod 3940 0x000001b08e105290 code [0x000001b08e105420, 0x000001b08e1054e8]
Event: 6.822 Thread 0x000001b094133290 3941       1       java.util.stream.FindOps$FindSink$OfRef::get (5 bytes)
Event: 6.822 Thread 0x000001b094133290 nmethod 3941 0x000001b08e105590 code [0x000001b08e105740, 0x000001b08e1059a0]
Event: 6.822 Thread 0x000001b094133290 3942       1       java.util.stream.FindOps$FindSink$OfRef::get (19 bytes)
Event: 6.822 Thread 0x000001b094133290 nmethod 3942 0x000001b08e105a90 code [0x000001b08e105c40, 0x000001b08e105e88]
Event: 6.826 Thread 0x000001b094133290 3943       1       java.lang.ThreadLocal$ThreadLocalMap::set (133 bytes)
Event: 6.826 Thread 0x000001b094133290 nmethod 3943 0x000001b08e105f90 code [0x000001b08e1061c0, 0x000001b08e1067d8]
Event: 6.829 Thread 0x000001b094133290 3944   !   1       org.springframework.boot.context.properties.bind.Binder::bind (74 bytes)
Event: 6.830 Thread 0x000001b094133290 nmethod 3944 0x000001b08e106b10 code [0x000001b08e106d00, 0x000001b08e107018]
Event: 6.830 Thread 0x000001b094133290 3946       1       org.springframework.boot.context.properties.bind.Binder::findProperty (75 bytes)

GC Heap History (20 events):
Event: 3.110 GC heap after
{Heap after GC invocations=2 (full 0):
 garbage-first heap   total 63488K, used 6630K [0x00000000c3a00000, 0x0000000100000000)
  region size 1024K, 2 young (2048K), 2 survivors (2048K)
 Metaspace       used 19012K, committed 19328K, reserved 1114112K
  class space    used 1995K, committed 2112K, reserved 1048576K
}
Event: 3.518 GC heap before
{Heap before GC invocations=2 (full 0):
 garbage-first heap   total 63488K, used 16870K [0x00000000c3a00000, 0x0000000100000000)
  region size 1024K, 13 young (13312K), 2 survivors (2048K)
 Metaspace       used 21186K, committed 21504K, reserved 1114112K
  class space    used 2365K, committed 2496K, reserved 1048576K
}
Event: 3.523 GC heap after
{Heap after GC invocations=3 (full 0):
 garbage-first heap   total 63488K, used 7707K [0x00000000c3a00000, 0x0000000100000000)
  region size 1024K, 3 young (3072K), 3 survivors (3072K)
 Metaspace       used 21186K, committed 21504K, reserved 1114112K
  class space    used 2365K, committed 2496K, reserved 1048576K
}
Event: 3.790 GC heap before
{Heap before GC invocations=4 (full 0):
 garbage-first heap   total 27648K, used 19995K [0x00000000c3a00000, 0x0000000100000000)
  region size 1024K, 16 young (16384K), 3 survivors (3072K)
 Metaspace       used 24464K, committed 24832K, reserved 1114112K
  class space    used 2779K, committed 2944K, reserved 1048576K
}
Event: 3.796 GC heap after
{Heap after GC invocations=5 (full 0):
 garbage-first heap   total 27648K, used 8111K [0x00000000c3a00000, 0x0000000100000000)
  region size 1024K, 2 young (2048K), 2 survivors (2048K)
 Metaspace       used 24464K, committed 24832K, reserved 1114112K
  class space    used 2779K, committed 2944K, reserved 1048576K
}
Event: 4.064 GC heap before
{Heap before GC invocations=5 (full 0):
 garbage-first heap   total 27648K, used 18351K [0x00000000c3a00000, 0x0000000100000000)
  region size 1024K, 13 young (13312K), 2 survivors (2048K)
 Metaspace       used 27528K, committed 27968K, reserved 1114112K
  class space    used 3150K, committed 3328K, reserved 1048576K
}
Event: 4.069 GC heap after
{Heap after GC invocations=6 (full 0):
 garbage-first heap   total 27648K, used 9038K [0x00000000c3a00000, 0x0000000100000000)
  region size 1024K, 2 young (2048K), 2 survivors (2048K)
 Metaspace       used 27528K, committed 27968K, reserved 1114112K
  class space    used 3150K, committed 3328K, reserved 1048576K
}
Event: 4.294 GC heap before
{Heap before GC invocations=6 (full 0):
 garbage-first heap   total 27648K, used 19278K [0x00000000c3a00000, 0x0000000100000000)
  region size 1024K, 13 young (13312K), 2 survivors (2048K)
 Metaspace       used 29665K, committed 30080K, reserved 1114112K
  class space    used 3455K, committed 3648K, reserved 1048576K
}
Event: 4.297 GC heap after
{Heap after GC invocations=7 (full 0):
 garbage-first heap   total 27648K, used 10163K [0x00000000c3a00000, 0x0000000100000000)
  region size 1024K, 2 young (2048K), 2 survivors (2048K)
 Metaspace       used 29665K, committed 30080K, reserved 1114112K
  class space    used 3455K, committed 3648K, reserved 1048576K
}
Event: 4.493 GC heap before
{Heap before GC invocations=7 (full 0):
 garbage-first heap   total 27648K, used 20403K [0x00000000c3a00000, 0x0000000100000000)
  region size 1024K, 13 young (13312K), 2 survivors (2048K)
 Metaspace       used 30652K, committed 31040K, reserved 1114112K
  class space    used 3597K, committed 3776K, reserved 1048576K
}
Event: 4.497 GC heap after
{Heap after GC invocations=8 (full 0):
 garbage-first heap   total 33792K, used 11844K [0x00000000c3a00000, 0x0000000100000000)
  region size 1024K, 2 young (2048K), 2 survivors (2048K)
 Metaspace       used 30652K, committed 31040K, reserved 1114112K
  class space    used 3597K, committed 3776K, reserved 1048576K
}
Event: 4.774 GC heap before
{Heap before GC invocations=8 (full 0):
 garbage-first heap   total 33792K, used 25156K [0x00000000c3a00000, 0x0000000100000000)
  region size 1024K, 16 young (16384K), 2 survivors (2048K)
 Metaspace       used 31962K, committed 32320K, reserved 1114112K
  class space    used 3781K, committed 3904K, reserved 1048576K
}
Event: 4.778 GC heap after
{Heap after GC invocations=9 (full 0):
 garbage-first heap   total 33792K, used 13089K [0x00000000c3a00000, 0x0000000100000000)
  region size 1024K, 2 young (2048K), 2 survivors (2048K)
 Metaspace       used 31962K, committed 32320K, reserved 1114112K
  class space    used 3781K, committed 3904K, reserved 1048576K
}
Event: 5.196 GC heap before
{Heap before GC invocations=9 (full 0):
 garbage-first heap   total 33792K, used 26401K [0x00000000c3a00000, 0x0000000100000000)
  region size 1024K, 15 young (15360K), 2 survivors (2048K)
 Metaspace       used 33801K, committed 34176K, reserved 1114112K
  class space    used 4028K, committed 4160K, reserved 1048576K
}
Event: 5.200 GC heap after
{Heap after GC invocations=10 (full 0):
 garbage-first heap   total 33792K, used 13897K [0x00000000c3a00000, 0x0000000100000000)
  region size 1024K, 1 young (1024K), 1 survivors (1024K)
 Metaspace       used 33801K, committed 34176K, reserved 1114112K
  class space    used 4028K, committed 4160K, reserved 1048576K
}
Event: 5.582 GC heap before
{Heap before GC invocations=10 (full 0):
 garbage-first heap   total 33792K, used 23113K [0x00000000c3a00000, 0x0000000100000000)
  region size 1024K, 11 young (11264K), 1 survivors (1024K)
 Metaspace       used 35617K, committed 36096K, reserved 1114112K
  class space    used 4284K, committed 4480K, reserved 1048576K
}
Event: 5.587 GC heap after
{Heap after GC invocations=11 (full 0):
 garbage-first heap   total 33792K, used 14956K [0x00000000c3a00000, 0x0000000100000000)
  region size 1024K, 2 young (2048K), 2 survivors (2048K)
 Metaspace       used 35617K, committed 36096K, reserved 1114112K
  class space    used 4284K, committed 4480K, reserved 1048576K
}
Event: 6.060 GC heap before
{Heap before GC invocations=12 (full 0):
 garbage-first heap   total 33792K, used 27244K [0x00000000c3a00000, 0x0000000100000000)
  region size 1024K, 15 young (15360K), 2 survivors (2048K)
 Metaspace       used 38891K, committed 39424K, reserved 1114112K
  class space    used 4747K, committed 4992K, reserved 1048576K
}
Event: 6.066 GC heap after
{Heap after GC invocations=13 (full 0):
 garbage-first heap   total 33792K, used 16266K [0x00000000c3a00000, 0x0000000100000000)
  region size 1024K, 2 young (2048K), 2 survivors (2048K)
 Metaspace       used 38891K, committed 39424K, reserved 1114112K
  class space    used 4747K, committed 4992K, reserved 1048576K
}
Event: 6.830 GC heap before
{Heap before GC invocations=13 (full 0):
 garbage-first heap   total 33792K, used 27530K [0x00000000c3a00000, 0x0000000100000000)
  region size 1024K, 14 young (14336K), 2 survivors (2048K)
 Metaspace       used 40809K, committed 41408K, reserved 1114112K
  class space    used 4985K, committed 5248K, reserved 1048576K
}

Dll operation events (10 events):
Event: 0.022 Loaded shared library D:\sts-4.26.0.RELEASE\plugins\org.eclipse.justj.openjdk.hotspot.jre.full.win32.x86_64_21.0.4.v20240802-1551\jre\bin\java.dll
Event: 0.029 Loaded shared library D:\sts-4.26.0.RELEASE\plugins\org.eclipse.justj.openjdk.hotspot.jre.full.win32.x86_64_21.0.4.v20240802-1551\jre\bin\zip.dll
Event: 0.770 Loaded shared library D:\sts-4.26.0.RELEASE\plugins\org.eclipse.justj.openjdk.hotspot.jre.full.win32.x86_64_21.0.4.v20240802-1551\jre\bin\jimage.dll
Event: 0.808 Loaded shared library D:\sts-4.26.0.RELEASE\plugins\org.eclipse.justj.openjdk.hotspot.jre.full.win32.x86_64_21.0.4.v20240802-1551\jre\bin\net.dll
Event: 0.832 Loaded shared library D:\sts-4.26.0.RELEASE\plugins\org.eclipse.justj.openjdk.hotspot.jre.full.win32.x86_64_21.0.4.v20240802-1551\jre\bin\nio.dll
Event: 0.855 Loaded shared library D:\sts-4.26.0.RELEASE\plugins\org.eclipse.justj.openjdk.hotspot.jre.full.win32.x86_64_21.0.4.v20240802-1551\jre\bin\zip.dll
Event: 0.972 Loaded shared library D:\sts-4.26.0.RELEASE\plugins\org.eclipse.justj.openjdk.hotspot.jre.full.win32.x86_64_21.0.4.v20240802-1551\jre\bin\management.dll
Event: 1.041 Loaded shared library D:\sts-4.26.0.RELEASE\plugins\org.eclipse.justj.openjdk.hotspot.jre.full.win32.x86_64_21.0.4.v20240802-1551\jre\bin\management_ext.dll
Event: 1.734 Loaded shared library D:\sts-4.26.0.RELEASE\plugins\org.eclipse.justj.openjdk.hotspot.jre.full.win32.x86_64_21.0.4.v20240802-1551\jre\bin\extnet.dll
Event: 4.304 Loaded shared library D:\sts-4.26.0.RELEASE\plugins\org.eclipse.justj.openjdk.hotspot.jre.full.win32.x86_64_21.0.4.v20240802-1551\jre\bin\sunmscapi.dll

Deoptimization events (0 events):
No events

Classes loaded (20 events):
Event: 6.669 Loading class java/lang/invoke/DirectMethodHandle$Special
Event: 6.670 Loading class java/lang/invoke/DirectMethodHandle$Special done
Event: 6.678 Loading class java/util/concurrent/ForkJoinPool
Event: 6.687 Loading class jdk/internal/event/ThreadSleepEvent
Event: 6.687 Loading class jdk/internal/event/ThreadSleepEvent done
Event: 6.688 Loading class java/util/concurrent/ForkJoinPool done
Event: 6.689 Loading class java/util/concurrent/ForkJoinPool$ForkJoinWorkerThreadFactory
Event: 6.690 Loading class java/util/concurrent/ForkJoinPool$ForkJoinWorkerThreadFactory done
Event: 6.690 Loading class java/util/concurrent/ForkJoinPool$WorkQueue
Event: 6.691 Loading class java/util/concurrent/ForkJoinPool$WorkQueue done
Event: 6.691 Loading class java/util/concurrent/ForkJoinPool$DefaultForkJoinWorkerThreadFactory
Event: 6.691 Loading class java/util/concurrent/ForkJoinPool$DefaultForkJoinWorkerThreadFactory done
Event: 6.691 Loading class java/util/concurrent/ForkJoinPool$2
Event: 6.691 Loading class jdk/internal/access/JavaUtilConcurrentFJPAccess
Event: 6.691 Loading class jdk/internal/access/JavaUtilConcurrentFJPAccess done
Event: 6.691 Loading class java/util/concurrent/ForkJoinPool$2 done
Event: 6.792 Loading class java/util/concurrent/Executors$AutoShutdownDelegatedExecutorService
Event: 6.793 Loading class java/util/concurrent/Executors$DelegatedExecutorService
Event: 6.793 Loading class java/util/concurrent/Executors$DelegatedExecutorService done
Event: 6.793 Loading class java/util/concurrent/Executors$AutoShutdownDelegatedExecutorService done

Classes unloaded (0 events):
No events

Classes redefined (0 events):
No events

Internal exceptions (20 events):
Event: 5.496 Thread 0x000001b087d4dc70 Exception <a 'java/lang/NoSuchMethodError'{0x00000000c53ce710}: 'void java.lang.invoke.DirectMethodHandle$Holder.invokeSpecial(java.lang.Object, java.lang.Object, java.lang.Object, java.lang.Object, java.lang.Object, java.lang.Object)'> (0x00000000c53ce710) 
thrown [s\src\hotspot\share\interpreter\linkResolver.cpp, line 773]
Event: 5.528 Thread 0x000001b087d4dc70 Exception <a 'java/lang/NoSuchMethodError'{0x00000000c52a1f68}: 'void java.lang.invoke.DirectMethodHandle$Holder.invokeVirtual(java.lang.Object, java.lang.Object, int)'> (0x00000000c52a1f68) 
thrown [s\src\hotspot\share\interpreter\linkResolver.cpp, line 773]
Event: 5.529 Thread 0x000001b087d4dc70 Exception <a 'java/lang/NoSuchMethodError'{0x00000000c52a5bd0}: 'int java.lang.invoke.DirectMethodHandle$Holder.invokeSpecial(java.lang.Object, java.lang.Object, java.lang.Object, int)'> (0x00000000c52a5bd0) 
thrown [s\src\hotspot\share\interpreter\linkResolver.cpp, line 773]
Event: 5.531 Thread 0x000001b087d4dc70 Exception <a 'java/lang/NoSuchMethodError'{0x00000000c52b7b08}: 'java.lang.Object java.lang.invoke.DirectMethodHandle$Holder.invokeStatic(java.lang.Object, java.lang.Object, java.lang.Object, java.lang.Object, int)'> (0x00000000c52b7b08) 
thrown [s\src\hotspot\share\interpreter\linkResolver.cpp, line 773]
Event: 5.532 Thread 0x000001b087d4dc70 Exception <a 'java/lang/NoSuchMethodError'{0x00000000c52bef98}: 'void java.lang.invoke.DelegatingMethodHandle$Holder.reinvoke_L(java.lang.Object, java.lang.Object, int)'> (0x00000000c52bef98) 
thrown [s\src\hotspot\share\interpreter\linkResolver.cpp, line 773]
Event: 5.538 Thread 0x000001b087d4dc70 Exception <a 'java/lang/NoSuchMethodError'{0x00000000c51016c8}: 'void java.lang.invoke.Invokers$Holder.invokeExact_MT(java.lang.Object, java.lang.Object, java.lang.Object, java.lang.Object)'> (0x00000000c51016c8) 
thrown [s\src\hotspot\share\interpreter\linkResolver.cpp, line 773]
Event: 5.731 Thread 0x000001b087d4dc70 Exception <a 'java/lang/NoSuchMethodError'{0x00000000c6cf5968}: 'java.lang.Object java.lang.invoke.DirectMethodHandle$Holder.invokeVirtual(java.lang.Object, java.lang.Object, java.lang.Object, java.lang.Object, java.lang.Object)'> (0x00000000c6cf5968) 
thrown [s\src\hotspot\share\interpreter\linkResolver.cpp, line 773]
Event: 5.844 Thread 0x000001b087d4dc70 Exception <a 'java/lang/NoSuchMethodError'{0x00000000c56c7f00}: 'java.lang.Object java.lang.invoke.DirectMethodHandle$Holder.invokeVirtual(java.lang.Object, java.lang.Object, java.lang.Object, java.lang.Object, java.lang.Object, java.lang.Object)'> (0x00000000c56c7f00) 
thrown [s\src\hotspot\share\interpreter\linkResolver.cpp, line 773]
Event: 5.888 Thread 0x000001b087d4dc70 Exception <a 'java/lang/NoSuchMethodError'{0x00000000c55ecc30}: 'void java.lang.invoke.DirectMethodHandle$Holder.invokeInterface(java.lang.Object, java.lang.Object, int)'> (0x00000000c55ecc30) 
thrown [s\src\hotspot\share\interpreter\linkResolver.cpp, line 773]
Event: 5.893 Thread 0x000001b087d4dc70 Exception <a 'java/lang/IncompatibleClassChangeError'{0x00000000c5430698}: Found class java.lang.Object, but interface was expected> (0x00000000c5430698) 
thrown [s\src\hotspot\share\interpreter\linkResolver.cpp, line 840]
Event: 5.895 Thread 0x000001b087d4dc70 Exception <a 'java/lang/NoSuchMethodError'{0x00000000c544ea20}: 'void java.lang.invoke.DirectMethodHandle$Holder.invokeStatic(java.lang.Object, int, java.lang.Object)'> (0x00000000c544ea20) 
thrown [s\src\hotspot\share\interpreter\linkResolver.cpp, line 773]
Event: 5.899 Thread 0x000001b087d4dc70 Exception <a 'java/lang/NoSuchMethodError'{0x00000000c5486af8}: 'void java.lang.invoke.DirectMethodHandle$Holder.invokeStatic(java.lang.Object, java.lang.Object, java.lang.Object, int, java.lang.Object)'> (0x00000000c5486af8) 
thrown [s\src\hotspot\share\interpreter\linkResolver.cpp, line 773]
Event: 5.900 Thread 0x000001b087d4dc70 Exception <a 'java/lang/NoSuchMethodError'{0x00000000c548d478}: 'java.lang.Object java.lang.invoke.DirectMethodHandle$Holder.newInvokeSpecial(java.lang.Object, java.lang.Object, java.lang.Object, int)'> (0x00000000c548d478) 
thrown [s\src\hotspot\share\interpreter\linkResolver.cpp, line 773]
Event: 5.900 Thread 0x000001b087d4dc70 Exception <a 'java/lang/NoSuchMethodError'{0x00000000c54913b8}: 'java.lang.Object java.lang.invoke.DirectMethodHandle$Holder.invokeSpecial(java.lang.Object, java.lang.Object, java.lang.Object, java.lang.Object, int)'> (0x00000000c54913b8) 
thrown [s\src\hotspot\share\interpreter\linkResolver.cpp, line 773]
Event: 5.900 Thread 0x000001b087d4dc70 Exception <a 'java/lang/NoSuchMethodError'{0x00000000c5494850}: 'java.lang.Object java.lang.invoke.Invokers$Holder.linkToTargetMethod(java.lang.Object, java.lang.Object, int, java.lang.Object)'> (0x00000000c5494850) 
thrown [s\src\hotspot\share\interpreter\linkResolver.cpp, line 773]
Event: 6.134 Thread 0x000001b087d4dc70 Exception <a 'java/lang/NoSuchMethodError'{0x00000000c6c8a548}: 'int java.lang.invoke.DirectMethodHandle$Holder.invokeVirtual(java.lang.Object, java.lang.Object, java.lang.Object, java.lang.Object)'> (0x00000000c6c8a548) 
thrown [s\src\hotspot\share\interpreter\linkResolver.cpp, line 773]
Event: 6.134 Thread 0x000001b087d4dc70 Exception <a 'java/lang/NoSuchMethodError'{0x00000000c6c8e030}: 'int java.lang.invoke.DelegatingMethodHandle$Holder.reinvoke_L(java.lang.Object, java.lang.Object, java.lang.Object, java.lang.Object)'> (0x00000000c6c8e030) 
thrown [s\src\hotspot\share\interpreter\linkResolver.cpp, line 773]
Event: 6.290 Thread 0x000001b087d4dc70 Exception <a 'java/io/FileNotFoundException'{0x00000000c6a84a28}> (0x00000000c6a84a28) 
thrown [s\src\hotspot\share\prims\jni.cpp, line 520]
Event: 6.442 Thread 0x000001b087d4dc70 Exception <a 'java/lang/NoSuchMethodError'{0x00000000c5504758}: 'int java.lang.invoke.DirectMethodHandle$Holder.invokeInterface(java.lang.Object, java.lang.Object, java.lang.Object, java.lang.Object)'> (0x00000000c5504758) 
thrown [s\src\hotspot\share\interpreter\linkResolver.cpp, line 773]
Event: 6.637 Thread 0x000001b087d4dc70 Exception <a 'java/lang/NoSuchMethodError'{0x00000000c532c9a8}: 'long java.lang.invoke.DirectMethodHandle$Holder.invokeVirtual(java.lang.Object, java.lang.Object)'> (0x00000000c532c9a8) 
thrown [s\src\hotspot\share\interpreter\linkResolver.cpp, line 773]

ZGC Phase Switch (0 events):
No events

VM Operations (20 events):
Event: 5.616 Executing VM operation: G1PauseRemark done
Event: 5.625 Executing VM operation: G1PauseCleanup
Event: 5.625 Executing VM operation: G1PauseCleanup done
Event: 5.949 Executing VM operation: HandshakeAllThreads (Deoptimize)
Event: 5.949 Executing VM operation: HandshakeAllThreads (Deoptimize) done
Event: 6.060 Executing VM operation: G1CollectForAllocation (G1 Evacuation Pause)
Event: 6.066 Executing VM operation: G1CollectForAllocation (G1 Evacuation Pause) done
Event: 6.120 Executing VM operation: HandshakeAllThreads (Deoptimize)
Event: 6.120 Executing VM operation: HandshakeAllThreads (Deoptimize) done
Event: 6.222 Executing VM operation: HandshakeAllThreads (Deoptimize)
Event: 6.222 Executing VM operation: HandshakeAllThreads (Deoptimize) done
Event: 6.273 Executing VM operation: HandshakeAllThreads (Deoptimize)
Event: 6.273 Executing VM operation: HandshakeAllThreads (Deoptimize) done
Event: 6.534 Executing VM operation: HandshakeAllThreads (Deoptimize)
Event: 6.534 Executing VM operation: HandshakeAllThreads (Deoptimize) done
Event: 6.535 Executing VM operation: HandshakeAllThreads (Deoptimize)
Event: 6.535 Executing VM operation: HandshakeAllThreads (Deoptimize) done
Event: 6.659 Executing VM operation: HandshakeAllThreads (Deoptimize)
Event: 6.659 Executing VM operation: HandshakeAllThreads (Deoptimize) done
Event: 6.830 Executing VM operation: G1CollectForAllocation (G1 Evacuation Pause)

Memory protections (0 events):
No events

Nmethod flushes (20 events):
Event: 5.616 Thread 0x000001b087d1f6d0 flushing  nmethod 0x000001b08dca7b10
Event: 5.616 Thread 0x000001b087d1f6d0 flushing  nmethod 0x000001b08ddb6990
Event: 5.616 Thread 0x000001b087d1f6d0 flushing  nmethod 0x000001b08db1bc90
Event: 5.616 Thread 0x000001b087d1f6d0 flushing  nmethod 0x000001b08db1e310
Event: 5.616 Thread 0x000001b087d1f6d0 flushing  nmethod 0x000001b08db1f510
Event: 5.616 Thread 0x000001b087d1f6d0 flushing  nmethod 0x000001b08db64990
Event: 5.616 Thread 0x000001b087d1f6d0 flushing  nmethod 0x000001b08db93490
Event: 5.616 Thread 0x000001b087d1f6d0 flushing  nmethod 0x000001b08db94510
Event: 5.616 Thread 0x000001b087d1f6d0 flushing  nmethod 0x000001b08dbcc310
Event: 5.616 Thread 0x000001b087d1f6d0 flushing  nmethod 0x000001b08dbeaf90
Event: 5.616 Thread 0x000001b087d1f6d0 flushing  nmethod 0x000001b08dbf8590
Event: 5.616 Thread 0x000001b087d1f6d0 flushing  nmethod 0x000001b08dc0fa10
Event: 5.616 Thread 0x000001b087d1f6d0 flushing  nmethod 0x000001b08dc27e90
Event: 5.616 Thread 0x000001b087d1f6d0 flushing  nmethod 0x000001b08dc40f10
Event: 5.616 Thread 0x000001b087d1f6d0 flushing  nmethod 0x000001b08dc43410
Event: 5.616 Thread 0x000001b087d1f6d0 flushing  nmethod 0x000001b08dc85110
Event: 5.616 Thread 0x000001b087d1f6d0 flushing  nmethod 0x000001b08dc85510
Event: 5.616 Thread 0x000001b087d1f6d0 flushing  nmethod 0x000001b08dc85b10
Event: 5.616 Thread 0x000001b087d1f6d0 flushing  nmethod 0x000001b08dc86010
Event: 5.616 Thread 0x000001b087d1f6d0 flushing  nmethod 0x000001b08dc8ba10

Events (20 events):
Event: 0.190 Thread 0x000001b087d4dc70 Thread added: 0x000001b094128090
Event: 0.190 Thread 0x000001b087d4dc70 Thread added: 0x000001b094128700
Event: 0.191 Thread 0x000001b087d4dc70 Thread added: 0x000001b094133290
Event: 0.508 Thread 0x000001b087d4dc70 Thread added: 0x000001b089f6afb0
Event: 0.548 Thread 0x000001b087d4dc70 Thread added: 0x000001b094329f40
Event: 1.737 Thread 0x000001b087d4dc70 Thread added: 0x000001b0948e5010
Event: 1.753 Thread 0x000001b087d4dc70 Thread added: 0x000001b0948e8a70
Event: 1.833 Thread 0x000001b087d4dc70 Thread added: 0x000001b094908220
Event: 2.043 Thread 0x000001b0948e8a70 Thread added: 0x000001b0949e44c0
Event: 2.145 Thread 0x000001b0949e44c0 Thread added: 0x000001b094ac5580
Event: 2.540 Thread 0x000001b0948e5010 Thread added: 0x000001b094b5d3a0
Event: 2.727 Thread 0x000001b094b5d3a0 Thread added: 0x000001b094b7c010
Event: 3.547 Thread 0x000001b087d4dc70 Thread added: 0x000001b09965f870
Event: 4.263 Thread 0x000001b087d4dc70 Thread added: 0x000001b09965ff00
Event: 4.313 Thread 0x000001b09965ff00 Thread exited: 0x000001b09965ff00
Event: 4.349 Thread 0x000001b09965f870 Thread exited: 0x000001b09965f870
Event: 6.667 Thread 0x000001b087d4dc70 Thread added: 0x000001b09a06bd30
Event: 6.668 Thread 0x000001b09a06bd30 Thread added: 0x000001b09a068f40
Event: 6.686 Thread 0x000001b087d4dc70 Thread added: 0x000001b09a0695d0
Event: 6.794 Thread 0x000001b087d4dc70 Thread added: 0x000001b09a06b6a0


Dynamic libraries:
0x00007ff6c0cf0000 - 0x00007ff6c0cfe000 	D:\sts-4.26.0.RELEASE\plugins\org.eclipse.justj.openjdk.hotspot.jre.full.win32.x86_64_21.0.4.v20240802-1551\jre\bin\javaw.exe
0x00007ffd0f490000 - 0x00007ffd0f688000 	C:\WINDOWS\SYSTEM32\ntdll.dll
0x00007ffd0f0a0000 - 0x00007ffd0f162000 	C:\WINDOWS\System32\KERNEL32.DLL
0x00007ffd0cca0000 - 0x00007ffd0cf96000 	C:\WINDOWS\System32\KERNELBASE.dll
0x00007ffd0d1b0000 - 0x00007ffd0d2b0000 	C:\WINDOWS\System32\ucrtbase.dll
0x00007ffc76ca0000 - 0x00007ffc76cb8000 	D:\sts-4.26.0.RELEASE\plugins\org.eclipse.justj.openjdk.hotspot.jre.full.win32.x86_64_21.0.4.v20240802-1551\jre\bin\jli.dll
0x00007ffc4c5f0000 - 0x00007ffc4c60b000 	D:\sts-4.26.0.RELEASE\plugins\org.eclipse.justj.openjdk.hotspot.jre.full.win32.x86_64_21.0.4.v20240802-1551\jre\bin\VCRUNTIME140.dll
0x00007ffd0ea90000 - 0x00007ffd0ec2d000 	C:\WINDOWS\System32\USER32.dll
0x00007ffd0d040000 - 0x00007ffd0d062000 	C:\WINDOWS\System32\win32u.dll
0x00007ffd0f380000 - 0x00007ffd0f3ab000 	C:\WINDOWS\System32\GDI32.dll
0x00007ffd0cb30000 - 0x00007ffd0cc49000 	C:\WINDOWS\System32\gdi32full.dll
0x00007ffd0cfa0000 - 0x00007ffd0d03d000 	C:\WINDOWS\System32\msvcp_win.dll
0x00007ffcf6de0000 - 0x00007ffcf707b000 	C:\WINDOWS\WinSxS\amd64_microsoft.windows.common-controls_6595b64144ccf1df_6.0.19041.6280_none_60bc30a171f2f3f3\COMCTL32.dll
0x00007ffd0f1e0000 - 0x00007ffd0f27e000 	C:\WINDOWS\System32\msvcrt.dll
0x00007ffd0f280000 - 0x00007ffd0f2af000 	C:\WINDOWS\System32\IMM32.DLL
0x00007ffc4c5e0000 - 0x00007ffc4c5ec000 	D:\sts-4.26.0.RELEASE\plugins\org.eclipse.justj.openjdk.hotspot.jre.full.win32.x86_64_21.0.4.v20240802-1551\jre\bin\vcruntime140_1.dll
0x00007ffc4c070000 - 0x00007ffc4c0fe000 	D:\sts-4.26.0.RELEASE\plugins\org.eclipse.justj.openjdk.hotspot.jre.full.win32.x86_64_21.0.4.v20240802-1551\jre\bin\msvcp140.dll
0x00007ffc65ae0000 - 0x00007ffc66868000 	D:\sts-4.26.0.RELEASE\plugins\org.eclipse.justj.openjdk.hotspot.jre.full.win32.x86_64_21.0.4.v20240802-1551\jre\bin\server\jvm.dll
0x00007ffd0e820000 - 0x00007ffd0e8d1000 	C:\WINDOWS\System32\ADVAPI32.dll
0x00007ffd0f3b0000 - 0x00007ffd0f44f000 	C:\WINDOWS\System32\sechost.dll
0x00007ffd0e570000 - 0x00007ffd0e690000 	C:\WINDOWS\System32\RPCRT4.dll
0x00007ffd0d2b0000 - 0x00007ffd0d2d7000 	C:\WINDOWS\System32\bcrypt.dll
0x00007ffd0f170000 - 0x00007ffd0f1db000 	C:\WINDOWS\System32\WS2_32.dll
0x00007ffd0c990000 - 0x00007ffd0c9db000 	C:\WINDOWS\SYSTEM32\POWRPROF.dll
0x00007ffcf7290000 - 0x00007ffcf72b7000 	C:\WINDOWS\SYSTEM32\WINMM.dll
0x00007ffd0b810000 - 0x00007ffd0b81a000 	C:\WINDOWS\SYSTEM32\VERSION.dll
0x00007ffd0c970000 - 0x00007ffd0c982000 	C:\WINDOWS\SYSTEM32\UMPDC.dll
0x00007ffd0b770000 - 0x00007ffd0b782000 	C:\WINDOWS\SYSTEM32\kernel.appcore.dll
0x00007ffce9650000 - 0x00007ffce965a000 	D:\sts-4.26.0.RELEASE\plugins\org.eclipse.justj.openjdk.hotspot.jre.full.win32.x86_64_21.0.4.v20240802-1551\jre\bin\jimage.dll
0x00007ffd0a5e0000 - 0x00007ffd0a7e1000 	C:\WINDOWS\SYSTEM32\DBGHELP.DLL
0x00007ffd04750000 - 0x00007ffd04784000 	C:\WINDOWS\SYSTEM32\dbgcore.DLL
0x00007ffd0d120000 - 0x00007ffd0d1a2000 	C:\WINDOWS\System32\bcryptPrimitives.dll
0x00007ffcadec0000 - 0x00007ffcadedf000 	D:\sts-4.26.0.RELEASE\plugins\org.eclipse.justj.openjdk.hotspot.jre.full.win32.x86_64_21.0.4.v20240802-1551\jre\bin\java.dll
0x00007ffcadea0000 - 0x00007ffcadeb8000 	D:\sts-4.26.0.RELEASE\plugins\org.eclipse.justj.openjdk.hotspot.jre.full.win32.x86_64_21.0.4.v20240802-1551\jre\bin\zip.dll
0x00007ffd0d920000 - 0x00007ffd0e090000 	C:\WINDOWS\System32\SHELL32.dll
0x00007ffd0a7f0000 - 0x00007ffd0af95000 	C:\WINDOWS\SYSTEM32\windows.storage.dll
0x00007ffd0ec90000 - 0x00007ffd0efe3000 	C:\WINDOWS\System32\combase.dll
0x00007ffd0c490000 - 0x00007ffd0c4bb000 	C:\WINDOWS\SYSTEM32\Wldp.dll
0x00007ffd0d850000 - 0x00007ffd0d91d000 	C:\WINDOWS\System32\OLEAUT32.dll
0x00007ffd0eff0000 - 0x00007ffd0f09d000 	C:\WINDOWS\System32\SHCORE.dll
0x00007ffd0d7f0000 - 0x00007ffd0d84b000 	C:\WINDOWS\System32\shlwapi.dll
0x00007ffd0ca60000 - 0x00007ffd0ca84000 	C:\WINDOWS\SYSTEM32\profapi.dll
0x00007ffcbf5a0000 - 0x00007ffcbf5b0000 	D:\sts-4.26.0.RELEASE\plugins\org.eclipse.justj.openjdk.hotspot.jre.full.win32.x86_64_21.0.4.v20240802-1551\jre\bin\net.dll
0x00007ffd01850000 - 0x00007ffd0195a000 	C:\WINDOWS\SYSTEM32\WINHTTP.dll
0x00007ffd0c1f0000 - 0x00007ffd0c25a000 	C:\WINDOWS\system32\mswsock.dll
0x00007ffcadde0000 - 0x00007ffcaddf6000 	D:\sts-4.26.0.RELEASE\plugins\org.eclipse.justj.openjdk.hotspot.jre.full.win32.x86_64_21.0.4.v20240802-1551\jre\bin\nio.dll
0x00007ffd02d00000 - 0x00007ffd02d0a000 	D:\sts-4.26.0.RELEASE\plugins\org.eclipse.justj.openjdk.hotspot.jre.full.win32.x86_64_21.0.4.v20240802-1551\jre\bin\management.dll
0x00007ffd02ce0000 - 0x00007ffd02ceb000 	D:\sts-4.26.0.RELEASE\plugins\org.eclipse.justj.openjdk.hotspot.jre.full.win32.x86_64_21.0.4.v20240802-1551\jre\bin\management_ext.dll
0x00007ffd0d700000 - 0x00007ffd0d708000 	C:\WINDOWS\System32\PSAPI.DLL
0x00007ffce9b00000 - 0x00007ffce9b17000 	C:\WINDOWS\system32\napinsp.dll
0x00007ffce9ab0000 - 0x00007ffce9acb000 	C:\WINDOWS\system32\pnrpnsp.dll
0x00007ffd08ed0000 - 0x00007ffd08eed000 	C:\WINDOWS\system32\wshbth.dll
0x00007ffd059e0000 - 0x00007ffd059fd000 	C:\WINDOWS\system32\NLAapi.dll
0x00007ffd0bed0000 - 0x00007ffd0bf0b000 	C:\WINDOWS\SYSTEM32\IPHLPAPI.DLL
0x00007ffd0bf10000 - 0x00007ffd0bfda000 	C:\WINDOWS\SYSTEM32\DNSAPI.dll
0x00007ffd0e090000 - 0x00007ffd0e098000 	C:\WINDOWS\System32\NSI.dll
0x00007ffce9a40000 - 0x00007ffce9a52000 	C:\WINDOWS\System32\winrnr.dll
0x00007ffd05850000 - 0x00007ffd0585a000 	C:\Windows\System32\rasadhlp.dll
0x00007ffcfcd10000 - 0x00007ffcfcd90000 	C:\WINDOWS\System32\fwpuclnt.dll
0x00007ffd0c3e0000 - 0x00007ffd0c3f8000 	C:\WINDOWS\SYSTEM32\CRYPTSP.dll
0x00007ffd0bb10000 - 0x00007ffd0bb48000 	C:\WINDOWS\system32\rsaenh.dll
0x00007ffd0ca20000 - 0x00007ffd0ca4e000 	C:\WINDOWS\SYSTEM32\USERENV.dll
0x00007ffd0c400000 - 0x00007ffd0c40c000 	C:\WINDOWS\SYSTEM32\CRYPTBASE.dll
0x00007ffd02d60000 - 0x00007ffd02d69000 	D:\sts-4.26.0.RELEASE\plugins\org.eclipse.justj.openjdk.hotspot.jre.full.win32.x86_64_21.0.4.v20240802-1551\jre\bin\extnet.dll
0x00007ffc76b70000 - 0x00007ffc76b7e000 	D:\sts-4.26.0.RELEASE\plugins\org.eclipse.justj.openjdk.hotspot.jre.full.win32.x86_64_21.0.4.v20240802-1551\jre\bin\sunmscapi.dll
0x00007ffd0d2e0000 - 0x00007ffd0d43d000 	C:\WINDOWS\System32\CRYPT32.dll
0x00007ffd0c500000 - 0x00007ffd0c527000 	C:\WINDOWS\SYSTEM32\ncrypt.dll
0x00007ffd0c4c0000 - 0x00007ffd0c4fb000 	C:\WINDOWS\SYSTEM32\NTASN1.dll

dbghelp: loaded successfully - version: 4.0.5 - missing functions: none
symbol engine: initialized successfully - sym options: 0x614 - pdb path: .;D:\sts-4.26.0.RELEASE\plugins\org.eclipse.justj.openjdk.hotspot.jre.full.win32.x86_64_21.0.4.v20240802-1551\jre\bin;C:\WINDOWS\SYSTEM32;C:\WINDOWS\WinSxS\amd64_microsoft.windows.common-controls_6595b64144ccf1df_6.0.19041.6280_none_60bc30a171f2f3f3;D:\sts-4.26.0.RELEASE\plugins\org.eclipse.justj.openjdk.hotspot.jre.full.win32.x86_64_21.0.4.v20240802-1551\jre\bin\server

VM Arguments:
jvm_args: -Dcom.sun.management.jmxremote -Dcom.sun.management.jmxremote.port=61686 -Dcom.sun.management.jmxremote.authenticate=false -Dcom.sun.management.jmxremote.ssl=false -Djava.rmi.server.hostname=localhost -Dspring.jmx.enabled=true -Dmanagement.endpoints.jmx.exposure.include=* -Dspring.application.admin.enabled=true -XX:TieredStopAtLevel=1 -Dspring.boot.project.name=SpringBootWithMVC -Dfile.encoding=UTF-8 -Dstdout.encoding=UTF-8 -Dstderr.encoding=UTF-8 -XX:+ShowCodeDetailsInExceptionMessages 
java_command: com.example.controller.SpringBootWithMvcApplication --spring.output.ansi.enabled=always
java_class_path (initial): D:\New_Batch_30-12_STS\SpringBootWithMVC\target\classes;C:\Users\Sandip\.m2\repository\org\springframework\boot\spring-boot-starter-jdbc\3.4.1\spring-boot-starter-jdbc-3.4.1.jar;C:\Users\Sandip\.m2\repository\org\springframework\boot\spring-boot-starter\3.4.1\spring-boot-starter-3.4.1.jar;C:\Users\Sandip\.m2\repository\org\springframework\boot\spring-boot\3.4.1\spring-boot-3.4.1.jar;C:\Users\Sandip\.m2\repository\org\springframework\boot\spring-boot-autoconfigure\3.4.1\spring-boot-autoconfigure-3.4.1.jar;C:\Users\Sandip\.m2\repository\org\springframework\boot\spring-boot-starter-logging\3.4.1\spring-boot-starter-logging-3.4.1.jar;C:\Users\Sandip\.m2\repository\ch\qos\logback\logback-classic\1.5.12\logback-classic-1.5.12.jar;C:\Users\Sandip\.m2\repository\ch\qos\logback\logback-core\1.5.12\logback-core-1.5.12.jar;C:\Users\Sandip\.m2\repository\org\apache\logging\log4j\log4j-to-slf4j\2.24.3\log4j-to-slf4j-2.24.3.jar;C:\Users\Sandip\.m2\repository\org\apache\logging\log4j\log4j-api\2.24.3\log4j-api-2.24.3.jar;C:\Users\Sandip\.m2\repository\org\slf4j\jul-to-slf4j\2.0.16\jul-to-slf4j-2.0.16.jar;C:\Users\Sandip\.m2\repository\org\yaml\snakeyaml\2.3\snakeyaml-2.3.jar;C:\Users\Sandip\.m2\repository\com\zaxxer\HikariCP\5.1.0\HikariCP-5.1.0.jar;C:\Users\Sandip\.m2\repository\org\slf4j\slf4j-api\2.0.16\slf4j-api-2.0.16.jar;C:\Users\Sandip\.m2\repository\org\springframework\spring-jdbc\6.2.1\spring-jdbc-6.2.1.jar;C:\Users\Sandip\.m2\repository\org\springframework\spring-beans\6.2.1\spring-beans-6.2.1.jar;C:\Users\Sandip\.m2\repository\org\springframework\spring-tx\6.2.1\spring-tx-6.2.1.jar;C:\Users\Sandip\.m2\repository\org\springframework\boot\spring-boot-starter-thymeleaf\3.4.1\spring-boot-starter-thymeleaf-3.4.1.jar;C:\Users\Sandip\.m2\repository\org\thymeleaf\thymeleaf-spring6\3.1.3.RELEASE\thymeleaf-spring6-3.1.3.RELEASE.jar;C:\Users\Sandip\.m2\repository\org\thymeleaf\thymeleaf\3.1.3.RELEASE\thymeleaf-3.1.3.RELEASE.jar;C:\Users\Sandip\.m2\repository\org\attoparser\attoparser\2.0.7.RELEASE\attoparser-2.0.7.RELEASE.jar;C:\Users\Sandip\.m2\repository\org\unbescape\unbescape\1.1.6.RELEASE\unbescape-1.1.6.RELEASE.jar;C:\Users\Sandip\.m2\repository\org\springframework\boot\spring-boot-starter-web\3.4.1\spring-boot-starter-web-3.4.1.jar;C:\Users\Sandip\.m2\repository\org\springframework\boot\spring-boot-starter-json\3.4.1\spring-boot-starter-json-3.4.1.jar;C:\Users\Sandip\.m2\repository\com\fasterxml\jackson\core\jackson-databind\2.18.2\jackson-databind-2.18.2.jar;C:\Users\Sandip\.m2\repository\com\fasterxml\jackson\core\jackson-annotations\2.18.2\jackson-annotations-2.18.2.jar;C:\Users\Sandip\.m2\repository\com\fasterxml\jackson\core\jackson-core\2.18.2\jackson-core-2.18.2.jar;C:\Users\Sandip\.m2\repository\com\fasterxml\jackson\datatype\jackson-datatype-jdk8\2.18.2\jackson-datatype-jdk8-2.18.2.jar;C:\Users\Sandip\.m2\repository\com\fasterxml\jackson\datatype\jackson-datatype-jsr310\2.18.2\jackson-datatype-jsr310-2.18.2.jar;C:\Users\Sandip\.m2\repository\com\fasterxml\jackson\module\jackson-module-parameter-names\2.18.2\jackson-module-parameter-names-2.18.2.jar;C:\Users\Sandip\.m2\repository\org\springframework\spring-web\6.2.1\spring-web-6.2.1.jar;C:\Users\Sandip\.m2\repository\io\micrometer\micrometer-observation\1.14.2\micrometer-observation-1.14.2.jar;C:\Users\Sandip\.m2\repository\io\micrometer\micrometer-commons\1.14.2\micrometer-commons-1.14.2.jar;C:\Users\Sandip\.m2\repository\org\springframework\spring-webmvc\6.2.1\spring-webmvc-6.2.1.jar;C:\Users\Sandip\.m2\repository\org\springframework\spring-aop\6.2.1\spring-aop-6.2.1.jar;C:\Users\Sandip\.m2\repository\org\springframework\spring-context\6.2.1\spring-context-6.2.1.jar;C:\Users\Sandip\.m2\repository\org\springframework\spring-expression\6.2.1\spring-expression-6.2.1.jar;C:\Users\Sandip\.m2\repository\org\springframework\boot\spring-boot-starter-web-services\3.4.1\spring-boot-starter-web-services-3.4.1.jar;C:\Users\Sandip\.m2\repository\com\sun\xml\messaging\saaj\saaj-impl\3.0.4\saaj-impl-3.0.4.jar;C:\Users\Sandip\.m2\repository\jakarta\xml\soap\jakarta.xml.soap-api\3.0.2\jakarta.xml.soap-api-3.0.2.jar;C:\Users\Sandip\.m2\repository\org\jvnet\staxex\stax-ex\2.1.0\stax-ex-2.1.0.jar;C:\Users\Sandip\.m2\repository\jakarta\activation\jakarta.activation-api\2.1.3\jakarta.activation-api-2.1.3.jar;C:\Users\Sandip\.m2\repository\org\eclipse\angus\angus-activation\2.0.2\angus-activation-2.0.2.jar;C:\Users\Sandip\.m2\repository\jakarta\xml\ws\jakarta.xml.ws-api\4.0.2\jakarta.xml.ws-api-4.0.2.jar;C:\Users\Sandip\.m2\repository\org\springframework\spring-oxm\6.2.1\spring-oxm-6.2.1.jar;C:\Users\Sandip\.m2\repository\org\springframework\ws\spring-ws-core\4.0.11\spring-ws-core-4.0.11.jar;C:\Users\Sandip\.m2\repository\org\springframework\ws\spring-xml\4.0.11\spring-xml-4.0.11.jar;C:\Users\Sandip\.m2\repository\org\glassfish\jaxb\jaxb-runtime\4.0.5\jaxb-runtime-4.0.5.jar;C:\Users\Sandip\.m2\repository\org\glassfish\jaxb\jaxb-core\4.0.5\jaxb-core-4.0.5.jar;C:\Users\Sandip\.m2\repository\org\glassfish\jaxb\txw2\4.0.5\txw2-4.0.5.jar;C:\Users\Sandip\.m2\repository\com\sun\istack\istack-commons-runtime\4.1.2\istack-commons-runtime-4.1.2.jar;C:\Users\Sandip\.m2\repository\com\mysql\mysql-connector-j\9.1.0\mysql-connector-j-9.1.0.jar;C:\Users\Sandip\.m2\repository\org\springframework\boot\spring-boot-starter-tomcat\3.4.1\spring-boot-starter-tomcat-3.4.1.jar;C:\Users\Sandip\.m2\repository\jakarta\annotation\jakarta.annotation-api\2.1.1\jakarta.annotation-api-2.1.1.jar;C:\Users\Sandip\.m2\repository\org\apache\tomcat\embed\tomcat-embed-core\10.1.34\tomcat-embed-core-10.1.34.jar;C:\Users\Sandip\.m2\repository\org\apache\tomcat\embed\tomcat-embed-el\10.1.34\tomcat-embed-el-10.1.34.jar;C:\Users\Sandip\.m2\repository\org\apache\tomcat\embed\tomcat-embed-websocket\10.1.34\tomcat-embed-websocket-10.1.34.jar;C:\Users\Sandip\.m2\repository\jakarta\xml\bind\jakarta.xml.bind-api\4.0.2\jakarta.xml.bind-api-4.0.2.jar;C:\Users\Sandip\.m2\repository\org\springframework\spring-core\6.2.1\spring-core-6.2.1.jar;C:\Users\Sandip\.m2\repository\org\springframework\spring-jcl\6.2.1\spring-jcl-6.2.1.jar;C:\Users\Sandip\.m2\repository\org\springdoc\springdoc-openapi-starter-webmvc-ui\2.6.0\springdoc-openapi-starter-webmvc-ui-2.6.0.jar;C:\Users\Sandip\.m2\repository\org\springdoc\springdoc-openapi-starter-webmvc-api\2.6.0\springdoc-openapi-starter-webmvc-api-2.6.0.jar;C:\Users\Sandip\.m2\repository\org\springdoc\springdoc-openapi-starter-common\2.6.0\springdoc-openapi-starter-common-2.6.0.jar;C:\Users\Sandip\.m2\repository\io\swagger\core\v3\swagger-core-jakarta\2.2.22\swagger-core-jakarta-2.2.22.jar;C:\Users\Sandip\.m2\repository\org\apache\commons\commons-lang3\3.17.0\commons-lang3-3.17.0.jar;C:\Users\Sandip\.m2\repository\io\swagger\core\v3\swagger-annotations-jakarta\2.2.22\swagger-annotations-jakarta-2.2.22.jar;C:\Users\Sandip\.m2\repository\io\swagger\core\v3\swagger-models-jakarta\2.2.22\swagger-models-jakarta-2.2.22.jar;C:\Users\Sandip\.m2\repository\jakarta\validation\jakarta.validation-api\3.0.2\jakarta.validation-api-3.0.2.jar;C:\Users\Sandip\.m2\repository\com\fasterxml\jackson\dataformat\jackson-dataformat-yaml\2.18.2\jackson-dataformat-yaml-2.18.2.jar;C:\Users\Sandip\.m2\repository\org\webjars\swagger-ui\5.17.14\swagger-ui-5.17.14.jar
Launcher Type: SUN_STANDARD

[Global flags]
     intx CICompilerCount                          = 3                                         {product} {ergonomic}
     uint ConcGCThreads                            = 1                                         {product} {ergonomic}
     uint G1ConcRefinementThreads                  = 4                                         {product} {ergonomic}
   size_t G1HeapRegionSize                         = 1048576                                   {product} {ergonomic}
    uintx GCDrainStackTargetSize                   = 64                                        {product} {ergonomic}
   size_t InitialHeapSize                          = 65011712                                  {product} {ergonomic}
     bool ManagementServer                         = true                                      {product} {command line}
   size_t MarkStackSize                            = 4194304                                   {product} {ergonomic}
   size_t MaxHeapSize                              = 1012924416                                {product} {ergonomic}
   size_t MaxNewSize                               = 607125504                                 {product} {ergonomic}
   size_t MinHeapDeltaBytes                        = 1048576                                   {product} {ergonomic}
   size_t MinHeapSize                              = 8388608                                   {product} {ergonomic}
    uintx NonNMethodCodeHeapSize                   = 4096                                   {pd product} {ergonomic}
    uintx NonProfiledCodeHeapSize                  = 0                                      {pd product} {ergonomic}
     bool ProfileInterpreter                       = false                                  {pd product} {command line}
    uintx ProfiledCodeHeapSize                     = 0                                      {pd product} {ergonomic}
     bool ShowCodeDetailsInExceptionMessages       = true                                   {manageable} {command line}
   size_t SoftMaxHeapSize                          = 1012924416                             {manageable} {ergonomic}
     intx TieredStopAtLevel                        = 1                                         {product} {command line}
     bool UseCompressedOops                        = true                           {product lp64_product} {ergonomic}
     bool UseG1GC                                  = true                                      {product} {ergonomic}
     bool UseLargePagesIndividualAllocation        = false                                  {pd product} {ergonomic}

Logging:
Log output configuration:
 #0: stdout all=warning uptime,level,tags foldmultilines=false
 #1: stderr all=off uptime,level,tags foldmultilines=false

Environment Variables:
PATH=D:/sts-4.26.0.RELEASE//plugins/org.eclipse.justj.openjdk.hotspot.jre.full.win32.x86_64_21.0.4.v20240802-1551/jre/bin/server;D:/sts-4.26.0.RELEASE//plugins/org.eclipse.justj.openjdk.hotspot.jre.full.win32.x86_64_21.0.4.v20240802-1551/jre/bin;C:\Python313\Scripts\;C:\Python313\;C:\Program Files (x86)\Common Files\Oracle\Java\javapath;C:\WINDOWS\system32;C:\WINDOWS;C:\WINDOWS\System32\Wbem;C:\WINDOWS\System32\WindowsPowerShell\v1.0\;C:\WINDOWS\System32\OpenSSH\;C:\Program Files\Git\cmd;C:\Program Files\dotnet\;C:\Program Files\nodejs\;C:\Users\Sandip\AppData\Roaming\npm;C:\Users\Sandip\AppData\Roaming\npm;C:\Program Files\MySQL\MySQL Shell 8.0\bin\;C:\Users\Sandip\AppData\Local\Programs\Python\Python310;C:\Users\Sandip\AppData\Local\Microsoft\WindowsApps;C:\Users\Sandip\Downloads\openlogic-openjdk-17.0.6+10-windows-x64\lib;C:\Users\Sandip\AppData\Local\Programs\Microsoft VS Code\bin;C:\Program Files\JetBrains\IntelliJ IDEA 2024.2.1\bin;;C:\Users\Sandip\AppData\Roaming\npm;D:\sts-4.26.0.RELEASE;
USERNAME=Sandip
OS=Windows_NT
PROCESSOR_IDENTIFIER=Intel64 Family 6 Model 126 Stepping 5, GenuineIntel
TMP=C:\Users\Sandip\AppData\Local\Temp
TEMP=C:\Users\Sandip\AppData\Local\Temp




Periodic native trim disabled

---------------  S Y S T E M  ---------------

OS:
 Windows 10 , 64 bit Build 19041 (10.0.19041.5915)
OS uptime: 0 days 3:08 hours

CPU: total 4 (initial active 4) (2 cores per cpu, 2 threads per core) family 6 model 126 stepping 5 microcode 0xca, cx8, cmov, fxsr, ht, mmx, 3dnowpref, sse, sse2, sse3, ssse3, sse4.1, sse4.2, popcnt, lzcnt, tsc, tscinvbit, avx, avx2, aes, erms, clmul, bmi1, bmi2, adx, avx512f, avx512dq, avx512cd, avx512bw, avx512vl, sha, fma, vzeroupper, avx512_vpopcntdq, avx512_vpclmulqdq, avx512_vaes, avx512_vnni, clflush, clflushopt, avx512_vbmi2, avx512_vbmi, rdtscp, rdpid, fsrm, gfni, avx512_bitalg, f16c, pku, avx512_ifma
Processor Information for all 4 processors :
  Max Mhz: 1190, Current Mhz: 1190, Mhz Limit: 1190

Memory: 4k page, system-wide physical 3863M (22M free)
TotalPageFile size 15639M (AvailPageFile size 4M)
current process WorkingSet (physical memory assigned to process): 135M, peak: 135M
current process commit charge ("private bytes"): 157M, peak: 164M

vm_info: OpenJDK 64-Bit Server VM (21.0.4+7-LTS) for windows-amd64 JRE (21.0.4+7-LTS), built on 2024-07-16T00:00:00Z by "admin" with MS VC++ 17.7 (VS2022)

END.
